<?xml version="1.0" encoding="utf-8"?><testsuites><testsuite name="pytest" errors="0" failures="0" skipped="0" tests="0" time="0.079" timestamp="2024-11-18T21:34:32.616890-05:00" hostname="SMYPs-iMac.local" /></testsuites>